// Jest Snapshot v1, https://goo.gl/fbAQLP

exports[`Characters Component Should render with 4 characters 1`] = `
<div
  className="Charactersstyles__Wrapper-sc-1z0bbli-0 kdlhnX"
>
  <div
    className="Characterstyles__RegularCharacter-sc-77sfuh-0 jKryPT"
    color="#5fd382"
    onClick={[Function]}
  >
    <audio
      src="https://simongame.s3.amazonaws.com/simonSound1.mp3"
    />
  </div>
  <div
    className="Characterstyles__RegularCharacter-sc-77sfuh-0 iwLkVP"
    color="#dc5245"
    onClick={[Function]}
  >
    <audio
      src="https://simongame.s3.amazonaws.com/simonSound2.mp3"
    />
  </div>
  <div
    className="Characterstyles__RegularCharacter-sc-77sfuh-0 iqtftX"
    color="#e6e564"
    onClick={[Function]}
  >
    <audio
      src="https://simongame.s3.amazonaws.com/simonSound3.mp3"
    />
  </div>
  <div
    className="Characterstyles__RegularCharacter-sc-77sfuh-0 dmXYji"
    color="#038fe4"
    onClick={[Function]}
  >
    <audio
      src="https://simongame.s3.amazonaws.com/simonSound4.mp3"
    />
  </div>
</div>
`;

exports[`Characters Component Should render with loading 1`] = `
<div
  className="Charactersstyles__Wrapper-sc-1z0bbli-0 kdlhnX"
>
  <div
    className="Loadingstyles__Wrapper-sc-1sj5pia-0 doNlxm"
  >
    <div
      className="Loadingstyles__Portal-sc-1sj5pia-1 gPsram"
    >
      <div
        className="Loadingstyles__Swish-sc-1sj5pia-10 fnDiug"
      >
        <span
          className="Loadingstyles__SwishSpan-sc-1sj5pia-11 Loadingstyles__SwishSpanOne-sc-1sj5pia-12 isPzsW"
        />
        <span
          className="Loadingstyles__SwishSpan-sc-1sj5pia-11 Loadingstyles__SwishSpanTwo-sc-1sj5pia-13 kykqkM"
        />
        <span
          className="Loadingstyles__SwishSpan-sc-1sj5pia-11 Loadingstyles__SwishSpanThree-sc-1sj5pia-14 kBSnuF"
        />
        <span
          className="Loadingstyles__SwishSpan-sc-1sj5pia-11 Loadingstyles__SwishSpanFour-sc-1sj5pia-15 dMZCuu"
        />
      </div>
      <div
        className="Loadingstyles__Swirl-sc-1sj5pia-2 jkzykY"
      >
        <span
          className="Loadingstyles__SwirlSpan-sc-1sj5pia-6 Loadingstyles__SwirlSpanOne-sc-1sj5pia-7 iBNFKm"
        />
        <span
          className="Loadingstyles__SwirlSpan-sc-1sj5pia-6 Loadingstyles__SwirlSpanTwo-sc-1sj5pia-8 hSHYsR"
        />
        <span
          className="Loadingstyles__SwirlSpan-sc-1sj5pia-6 Loadingstyles__SwirlSpanThree-sc-1sj5pia-9 ligCez"
        />
        <div
          className="Loadingstyles__Swirl-sc-1sj5pia-2 Loadingstyles__SwirlDouble-sc-1sj5pia-3 dqKKzo"
        >
          <span
            className="Loadingstyles__SwirlSpan-sc-1sj5pia-6 Loadingstyles__SwirlSpanOne-sc-1sj5pia-7 iBNFKm"
          />
          <div
            className="Loadingstyles__Swirl-sc-1sj5pia-2 Loadingstyles__SwirlTriple-sc-1sj5pia-4 kPttOI"
          >
            <span
              className="Loadingstyles__SwirlSpan-sc-1sj5pia-6 Loadingstyles__SwirlSpanOne-sc-1sj5pia-7 iBNFKm"
            />
            <div
              className="Loadingstyles__Swirl-sc-1sj5pia-2 Loadingstyles__SwirlTriple-sc-1sj5pia-4 kPttOI"
            >
              <span
                className="Loadingstyles__SwirlSpan-sc-1sj5pia-6 Loadingstyles__SwirlSpanOne-sc-1sj5pia-7 iBNFKm"
              />
              <div
                className="Loadingstyles__Swirl-sc-1sj5pia-2 Loadingstyles__SwirlTriple-sc-1sj5pia-4 kPttOI"
              >
                <span
                  className="Loadingstyles__SwirlSpan-sc-1sj5pia-6 Loadingstyles__SwirlSpanOne-sc-1sj5pia-7 iBNFKm"
                />
                <div
                  className="Loadingstyles__Swirl-sc-1sj5pia-2 Loadingstyles__SwirlSpecial-sc-1sj5pia-5 ifLXZo"
                >
                  <span
                    className="Loadingstyles__SwirlSpan-sc-1sj5pia-6 Loadingstyles__SwirlSpanOne-sc-1sj5pia-7 iBNFKm"
                  />
                  <div
                    className="Loadingstyles__Swirl-sc-1sj5pia-2 Loadingstyles__SwirlTriple-sc-1sj5pia-4 kPttOI"
                  >
                    <span
                      className="Loadingstyles__SwirlSpan-sc-1sj5pia-6 Loadingstyles__SwirlSpanOne-sc-1sj5pia-7 iBNFKm"
                    />
                    <div
                      className="Loadingstyles__Swirl-sc-1sj5pia-2 Loadingstyles__SwirlSpecial-sc-1sj5pia-5 ifLXZo"
                    >
                      <span
                        className="Loadingstyles__SwirlSpan-sc-1sj5pia-6 Loadingstyles__SwirlSpanOne-sc-1sj5pia-7 iBNFKm"
                      />
                    </div>
                  </div>
                </div>
              </div>
            </div>
          </div>
        </div>
      </div>
    </div>
  </div>
</div>
`;

exports[`Characters Component Should render without characters 1`] = `
<div
  className="Charactersstyles__Wrapper-sc-1z0bbli-0 kdlhnX"
>
  
</div>
`;
